VERSION<3>	PDP-10 PREVENTIVE MAINTENANCE ERROR REPORTING FORM

********* ALL REPORTS WILL BE ANSWERED BY PHONE OR RETURN MAIL ********

	MAIL TO:
			PDP-10 PRODUCT SUPPORT
			DIGITAL EQUIPMENT CORP.
			200 FOREST STREET
			MARLBORO, MASSACHUSETTS
					01752

***********************************************************************

  USER INFORMATION

	NAME OF USER:				BADGE NUMBER:

	OFFICE ADDRESS:				COST CENTER:

	PHONE NUMBER:				DATE:

***********************************************************************

  DOCUMENT INFORMATION

	PLEASE CHECK DOCUMENT IN ERROR	

	PMPROC.TXT	O		OPTION NAME:

	APPNDX.TXT	O		PARAGRAPH REFERENCE:

	SPEEDY.SPC	O		RACK REFERENCE:

	MARGIN.SPC	O		ENTER ORIGNAL LINE OF TEXT:

	DELAY.SPC	O

	POWER.SPC	O		ENTER CORRECTED LINE OF TEXT:

	SCHED.CBL	O

	SCHED.INP	O		SOURCE OF USER INFORMATION:

	README.HLP	O

	SCHED.HLP	O

	OTHER		O

***********************************************************************

  USER COMMENTS:
VERSION<3>	PDP-10 PREVENTIVE MAINTENANCE ERROR REPORTING FORM

********* ALL REPORTS WILL BE ANSWERED BY PHONE OR RETURN MAIL ********

	MAIL TO:
			PDP-10 PRODUCT SUPPORT
			DIGITAL EQUIPMENT CORP.
			200 FOREST STREET
			MARLBORO, MASSACHUSETTS
					01752

***********************************************************************

  USER INFORMATION

	NAME OF USER:				BADGE NUMBER:

	OFFICE ADDRESS:				COST CENTER:

	PHONE NUMBER:				DATE:

***********************************************************************

  DOCUMENT INFORMATION

	PLEASE CHECK DOCUMENT IN ERROR	

	PMPROC.TXT	O		OPTION NAME:

	APPNDX.TXT	O		PARAGRAPH REFERENCE:

	SPEEDY.SPC	O		RACK REFERENCE:

	MARGIN.SPC	O		ENTER ORIGNAL LINE OF TEXT:

	DELAY.SPC	O

	POWER.SPC	O		ENTER CORRECTED LINE OF TEXT:

	SCHED.CBL	O

	SCHED.INP	O		SOURCE OF USER INFORMATION:

	README.HLP	O

	SCHED.HLP	O

	OTHER		O

***********************************************************************

  USER COMMENTS:
VERSION<3>	PDP-10 PREVENTIVE MAINTENANCE ERROR REPORTING FORM

********* ALL REPORTS WILL BE ANSWERED BY PHONE OR RETURN MAIL ********

	MAIL TO:
			PDP-10 PRODUCT SUPPORT
			DIGITAL EQUIPMENT CORP.
			200 FOREST STREET
			MARLBORO, MASSACHUSETTS
					01752

***********************************************************************

  USER INFORMATION

	NAME OF USER:				BADGE NUMBER:

	OFFICE ADDRESS:				COST CENTER:

	PHONE NUMBER:				DATE:

***********************************************************************

  DOCUMENT INFORMATION

	PLEASE CHECK DOCUMENT IN ERROR	

	PMPROC.TXT	O		OPTION NAME:

	APPNDX.TXT	O		PARAGRAPH REFERENCE:

	SPEEDY.SPC	O		RACK REFERENCE:

	MARGIN.SPC	O		ENTER ORIGNAL LINE OF TEXT:

	DELAY.SPC	O

	POWER.SPC	O		ENTER CORRECTED LINE OF TEXT:

	SCHED.CBL	O

	SCHED.INP	O		SOURCE OF USER INFORMATION:

	README.HLP	O

	SCHED.HLP	O

	OTHER		O

***********************************************************************

  USER COMMENTS:
VERSION<3>	PDP-10 PREVENTIVE MAINTENANCE ERROR REPORTING FORM

********* ALL REPORTS WILL BE ANSWERED BY PHONE OR RETURN MAIL ********

	MAIL TO:
			PDP-10 PRODUCT SUPPORT
			DIGITAL EQUIPMENT CORP.
			200 FOREST STREET
			MARLBORO, MASSACHUSETTS
					01752

***********************************************************************

  USER INFORMATION

	NAME OF USER:				BADGE NUMBER:

	OFFICE ADDRESS:				COST CENTER:

	PHONE NUMBER:				DATE:

***********************************************************************

  DOCUMENT INFORMATION

	PLEASE CHECK DOCUMENT IN ERROR	

	PMPROC.TXT	O		OPTION NAME:

	APPNDX.TXT	O		PARAGRAPH REFERENCE:

	SPEEDY.SPC	O		RACK REFERENCE:

	MARGIN.SPC	O		ENTER ORIGNAL LINE OF TEXT:

	DELAY.SPC	O

	POWER.SPC	O		ENTER CORRECTED LINE OF TEXT:

	SCHED.CBL	O

	SCHED.INP	O		SOURCE OF USER INFORMATION:

	README.HLP	O

	SCHED.HLP	O

	OTHER		O

***********************************************************************

  USER COMMENTS:
VERSION<3>	PDP-10 PREVENTIVE MAINTENANCE ERROR REPORTING FORM

********* ALL REPORTS WILL BE ANSWERED BY PHONE OR RETURN MAIL ********

	MAIL TO:
			PDP-10 PRODUCT SUPPORT
			DIGITAL EQUIPMENT CORP.
			200 FOREST STREET
			MARLBORO, MASSACHUSETTS
					01752

***********************************************************************

  USER INFORMATION

	NAME OF USER:				BADGE NUMBER:

	OFFICE ADDRESS:				COST CENTER:

	PHONE NUMBER:				DATE:

***********************************************************************

  DOCUMENT INFORMATION

	PLEASE CHECK DOCUMENT IN ERROR	

	PMPROC.TXT	O		OPTION NAME:

	APPNDX.TXT	O		PARAGRAPH REFERENCE:

	SPEEDY.SPC	O		RACK REFERENCE:

	MARGIN.SPC	O		ENTER ORIGNAL LINE OF TEXT:

	DELAY.SPC	O

	POWER.SPC	O		ENTER CORRECTED LINE OF TEXT:

	SCHED.CBL	O

	SCHED.INP	O		SOURCE OF USER INFORMATION:

	README.HLP	O

	SCHED.HLP	O

	OTHER		O

***********************************************************************

  USER COMMENTS:
VERSION<3>	PDP-10 PREVENTIVE MAINTENANCE ERROR REPORTING FORM

********* ALL REPORTS WILL BE ANSWERED BY PHONE OR RETURN MAIL ********

	MAIL TO:
			PDP-10 PRODUCT SUPPORT
			DIGITAL EQUIPMENT CORP.
			200 FOREST STREET
			MARLBORO, MASSACHUSETTS
					01752

***********************************************************************

  USER INFORMATION

	NAME OF USER:				BADGE NUMBER:

	OFFICE ADDRESS:				COST CENTER:

	PHONE NUMBER:				DATE:

***********************************************************************

  DOCUMENT INFORMATION

	PLEASE CHECK DOCUMENT IN ERROR	

	PMPROC.TXT	O		OPTION NAME:

	APPNDX.TXT	O		PARAGRAPH REFERENCE:

	SPEEDY.SPC	O		RACK REFERENCE:

	MARGIN.SPC	O		ENTER ORIGNAL LINE OF TEXT:

	DELAY.SPC	O

	POWER.SPC	O		ENTER CORRECTED LINE OF TEXT:

	SCHED.CBL	O

	SCHED.INP	O		SOURCE OF USER INFORMATION:

	README.HLP	O

	SCHED.HLP	O

	OTHER		O

***********************************************************************

  USER COMMENTS:
